// Vitest Snapshot v1, https://vitest.dev/guide/snapshot.html

exports[`row components markup > CircleRow > badge color 1`] = `"<div class="r " style="--rc: #c47; color: red;"><div class="sq">С</div><div class="m"><div class="n">Семья</div><div class="p">Аня: привет</div></div><div class="rt"><span>12:30</span><span class="bdg">3</span></div></div>"`;

exports[`row components markup > CircleRow > card 1`] = `"<div class="circle-row-card c"><div class="r" style="color: red;"><div class="sq">С</div><div class="m"><div class="n">Семья</div><div class="p">Аня: привет</div></div><div class="rt"><span>12:30</span></div></div></div>"`;

exports[`row components markup > CircleRow > card action without handler 1`] = `"<div class="circle-row-card "><div class="r" style="color: red;"><div class="sq">С</div><div class="m"><div class="n">Семья</div><div class="p">Аня: привет</div></div><div class="rt"><span>12:30</span></div></div></div>"`;

exports[`row components markup > CircleRow > card click actions 1`] = `"<div class="circle-row-card "><button type="button" class="r" style="color: red;"><div class="sq">С</div><div class="m"><div class="n">Семья</div><div class="p">Аня: привет</div></div><div class="rt"><span>12:30</span></div></button><button type="button" class="circle-row-action">В группу</button><button type="button" class="circle-row-action">Открепить</button></div>"`;

exports[`row components markup > CircleRow > click 1`] = `"<button type="button" class="r " style="color: red;"><div class="sq">С</div><div class="m"><div class="n">Семья</div><div class="p">Аня: привет</div></div><div class="rt"><span>12:30</span><span class="bdg">0</span></div></button>"`;

exports[`row components markup > CircleRow > plain 1`] = `"<div class="r " style="color: red;"><div class="sq">С</div><div class="m"><div class="n">Семья</div><div class="p">Аня: привет</div></div><div class="rt"><span>12:30</span></div></div>"`;

exports[`row components markup > MemberRow > click 1`] = `"<button type="button" class="row2 " style="color: red;"><div class="av  svelte-rkbas0">А</div><div class="g"><div style="font-weight:600">Аня</div><div class="sub">x</div></div></button>"`;

exports[`row components markup > MemberRow > click faded 1`] = `"<button type="button" class="row2 " style="color: red; opacity: 0.6;"><div class="av  svelte-rkbas0">А</div><div class="g"><div style="font-weight:600">Аня</div></div></button>"`;

exports[`row components markup > MemberRow > menu 1`] = `"<div class="row2 " style="color: red;"><div class="av  svelte-rkbas0">А</div><div class="g"><div style="font-weight:600">Аня</div></div><button type="button" class="ib " style="" aria-label="Меню"><svg viewBox="0 0 24 24" aria-hidden="true" class="ic sm " style=""><use href="/icons.svg#i-dots"></use></svg></button></div>"`;

exports[`row components markup > MemberRow > plain 1`] = `"<div class="row2 " style="color: red;"><div class="av  svelte-rkbas0">А</div><div class="g"><div style="font-weight:600">Аня</div></div></div>"`;

exports[`row components markup > MemberRow > subtitle faded 1`] = `"<div class="row2 " style="color: red; opacity: 0.6;"><div class="av  svelte-rkbas0" style="background: rgb(204, 68, 119);">А</div><div class="g"><div style="font-weight:600">Аня</div><div class="sub">владелец</div></div></div>"`;

exports[`row components markup > SearchResultRow > click 1`] = `"<button type="button" class="row2 " style="color: red;"><div class="g"><div style="font-weight:600">Аня<span style="font-weight:400;color:var(--faint);font-size:11.5px"> · вчера</span></div><div class="sub"><span>текст <b>найдено</b></span></div></div></button>"`;

exports[`row components markup > SearchResultRow > click thumb url 1`] = `"<button type="button" class="row2 " style="color: red;"><div class="g"><div style="font-weight:600">Аня<span style="font-weight:400;color:var(--faint);font-size:11.5px"> · вчера</span></div><div class="sub"><span>текст <b>найдено</b></span></div></div><div class="thumb" style="background-image: url(&quot;blob:x&quot;); background-size: cover; background-position: center center;"></div></button>"`;

exports[`row components markup > SearchResultRow > plain 1`] = `"<div class="row2 " style="color: red;"><div class="g"><div style="font-weight:600">Аня<span style="font-weight:400;color:var(--faint);font-size:11.5px"> · вчера</span></div><div class="sub"><span>текст <b>найдено</b></span></div></div></div>"`;

exports[`row components markup > SearchResultRow > thumb placeholder 1`] = `"<div class="row2 " style="color: red;"><div class="g"><div style="font-weight:600">Аня<span style="font-weight:400;color:var(--faint);font-size:11.5px"> · вчера</span></div><div class="sub"><span>текст <b>найдено</b></span></div></div><div class="thumb pic p1"></div></div>"`;

exports[`row components markup > SearchResultRow > thumb url 1`] = `"<div class="row2 " style="color: red;"><div class="g"><div style="font-weight:600">Аня<span style="font-weight:400;color:var(--faint);font-size:11.5px"> · вчера</span></div><div class="sub"><span>текст <b>найдено</b></span></div></div><div class="thumb" style="background-image: url(&quot;blob:x&quot;); background-size: cover; background-position: center center;"></div></div>"`;

exports[`row components markup > SearchResultRow > thumb variant 1`] = `"<div class="row2 " style="color: red;"><div class="g"><div style="font-weight:600">Аня<span style="font-weight:400;color:var(--faint);font-size:11.5px"> · вчера</span></div><div class="sub"><span>текст <b>найдено</b></span></div></div><div class="thumb pic p3"></div></div>"`;

exports[`row components markup > ServerRow > info click=false card=false 1`] = `"<div class="row2 " style="color: red;"><svg viewBox="0 0 24 24" aria-hidden="true" class="ic " style=""><use href="/icons.svg#i-cloud"></use></svg><div class="g"><div style="font-weight:600">Дом</div><div class="sub">wynd.example</div></div></div>"`;

exports[`row components markup > ServerRow > info click=false card=true 1`] = `"<div class="row2 " style="margin: 14px 16px 0px; width: auto; border: 1px solid var(--line); background: var(--card); border-radius: 12px; padding: 12px 14px; color: red;"><svg viewBox="0 0 24 24" aria-hidden="true" class="ic " style=""><use href="/icons.svg#i-cloud"></use></svg><div class="g"><div style="font-weight:600">Дом</div><div class="sub">wynd.example</div></div></div>"`;

exports[`row components markup > ServerRow > info click=true card=false 1`] = `"<button type="button" class="row2 " style="color: red;"><svg viewBox="0 0 24 24" aria-hidden="true" class="ic " style=""><use href="/icons.svg#i-cloud"></use></svg><div class="g"><div style="font-weight:600">Дом</div><div class="sub">wynd.example</div></div></button>"`;

exports[`row components markup > ServerRow > info click=true card=true 1`] = `"<button type="button" class="row2 " style="margin: 14px 16px 0px; width: auto; border: 1px solid var(--line); background: var(--card); border-radius: 12px; padding: 12px 14px; color: red;"><svg viewBox="0 0 24 24" aria-hidden="true" class="ic " style=""><use href="/icons.svg#i-cloud"></use></svg><div class="g"><div style="font-weight:600">Дом</div><div class="sub">wynd.example</div></div></button>"`;

exports[`row components markup > ServerRow > ok click=false card=false 1`] = `"<div class="row2 " style="color: red;"><svg viewBox="0 0 24 24" aria-hidden="true" class="ic " style=""><use href="/icons.svg#i-cloud"></use></svg><div class="g"><div style="font-weight:600">Дом</div><div class="sub">wynd.example</div></div><span class="st ok"><svg viewBox="0 0 24 24" aria-hidden="true" class="ic " style=""><use href="/icons.svg#i-check"></use></svg></span></div>"`;

exports[`row components markup > ServerRow > ok click=false card=true 1`] = `"<div class="row2 " style="margin: 14px 16px 0px; width: auto; border: 1px solid var(--line); background: var(--card); border-radius: 12px; padding: 12px 14px; color: red;"><svg viewBox="0 0 24 24" aria-hidden="true" class="ic " style=""><use href="/icons.svg#i-cloud"></use></svg><div class="g"><div style="font-weight:600">Дом</div><div class="sub">wynd.example</div></div><span class="st ok"><svg viewBox="0 0 24 24" aria-hidden="true" class="ic " style=""><use href="/icons.svg#i-check"></use></svg></span></div>"`;

exports[`row components markup > ServerRow > ok click=true card=false 1`] = `"<button type="button" class="row2 " style="color: red;"><svg viewBox="0 0 24 24" aria-hidden="true" class="ic " style=""><use href="/icons.svg#i-cloud"></use></svg><div class="g"><div style="font-weight:600">Дом</div><div class="sub">wynd.example</div></div><span class="st ok"><svg viewBox="0 0 24 24" aria-hidden="true" class="ic " style=""><use href="/icons.svg#i-check"></use></svg></span></button>"`;

exports[`row components markup > ServerRow > ok click=true card=true 1`] = `"<button type="button" class="row2 " style="margin: 14px 16px 0px; width: auto; border: 1px solid var(--line); background: var(--card); border-radius: 12px; padding: 12px 14px; color: red;"><svg viewBox="0 0 24 24" aria-hidden="true" class="ic " style=""><use href="/icons.svg#i-cloud"></use></svg><div class="g"><div style="font-weight:600">Дом</div><div class="sub">wynd.example</div></div><span class="st ok"><svg viewBox="0 0 24 24" aria-hidden="true" class="ic " style=""><use href="/icons.svg#i-check"></use></svg></span></button>"`;

exports[`row components markup > ServerRow > select click=false card=false 1`] = `"<div class="row2 " style="color: red;"><svg viewBox="0 0 24 24" aria-hidden="true" class="ic " style=""><use href="/icons.svg#i-cloud"></use></svg><div class="g"><div style="font-weight:600">Дом</div><div class="sub">wynd.example</div></div><svg viewBox="0 0 24 24" aria-hidden="true" class="ic sm " style=""><use href="/icons.svg#i-chevr"></use></svg></div>"`;

exports[`row components markup > ServerRow > select click=false card=true 1`] = `"<div class="row2 " style="margin: 14px 16px 0px; width: auto; border: 1px solid var(--line); background: var(--card); border-radius: 12px; padding: 12px 14px; color: red;"><svg viewBox="0 0 24 24" aria-hidden="true" class="ic " style=""><use href="/icons.svg#i-cloud"></use></svg><div class="g"><div style="font-weight:600">Дом</div><div class="sub">wynd.example</div></div><svg viewBox="0 0 24 24" aria-hidden="true" class="ic sm " style=""><use href="/icons.svg#i-chevr"></use></svg></div>"`;

exports[`row components markup > ServerRow > select click=true card=false 1`] = `"<button type="button" class="row2 " style="color: red;"><svg viewBox="0 0 24 24" aria-hidden="true" class="ic " style=""><use href="/icons.svg#i-cloud"></use></svg><div class="g"><div style="font-weight:600">Дом</div><div class="sub">wynd.example</div></div><svg viewBox="0 0 24 24" aria-hidden="true" class="ic sm " style=""><use href="/icons.svg#i-chevr"></use></svg></button>"`;

exports[`row components markup > ServerRow > select click=true card=true 1`] = `"<button type="button" class="row2 " style="margin: 14px 16px 0px; width: auto; border: 1px solid var(--line); background: var(--card); border-radius: 12px; padding: 12px 14px; color: red;"><svg viewBox="0 0 24 24" aria-hidden="true" class="ic " style=""><use href="/icons.svg#i-cloud"></use></svg><div class="g"><div style="font-weight:600">Дом</div><div class="sub">wynd.example</div></div><svg viewBox="0 0 24 24" aria-hidden="true" class="ic sm " style=""><use href="/icons.svg#i-chevr"></use></svg></button>"`;

exports[`row components markup > ServerRow > warn click=false card=false 1`] = `"<div class="row2 " style="color: red;"><svg viewBox="0 0 24 24" aria-hidden="true" class="ic " style=""><use href="/icons.svg#i-cloud"></use></svg><div class="g"><div style="font-weight:600">Дом</div><div class="sub">wynd.example</div></div><span class="st warn">!</span></div>"`;

exports[`row components markup > ServerRow > warn click=false card=true 1`] = `"<div class="row2 " style="margin: 14px 16px 0px; width: auto; border: 1px solid var(--line); background: var(--card); border-radius: 12px; padding: 12px 14px; color: red;"><svg viewBox="0 0 24 24" aria-hidden="true" class="ic " style=""><use href="/icons.svg#i-cloud"></use></svg><div class="g"><div style="font-weight:600">Дом</div><div class="sub">wynd.example</div></div><span class="st warn">!</span></div>"`;

exports[`row components markup > ServerRow > warn click=true card=false 1`] = `"<button type="button" class="row2 " style="color: red;"><svg viewBox="0 0 24 24" aria-hidden="true" class="ic " style=""><use href="/icons.svg#i-cloud"></use></svg><div class="g"><div style="font-weight:600">Дом</div><div class="sub">wynd.example</div></div><span class="st warn">!</span></button>"`;

exports[`row components markup > ServerRow > warn click=true card=true 1`] = `"<button type="button" class="row2 " style="margin: 14px 16px 0px; width: auto; border: 1px solid var(--line); background: var(--card); border-radius: 12px; padding: 12px 14px; color: red;"><svg viewBox="0 0 24 24" aria-hidden="true" class="ic " style=""><use href="/icons.svg#i-cloud"></use></svg><div class="g"><div style="font-weight:600">Дом</div><div class="sub">wynd.example</div></div><span class="st warn">!</span></button>"`;

exports[`row components markup > SettingsRow > click 1`] = `"<button type="button" class="row2 c" style="color: red;"><div class="g"><div style="font-weight:600">Имя</div><div class="sub">Аня</div></div><span class="val">x</span><svg viewBox="0 0 24 24" aria-hidden="true" class="ic sm " style=""><use href="/icons.svg#i-chevr"></use></svg></button>"`;

exports[`row components markup > SettingsRow > click link 1`] = `"<button type="button" class="row2 c" style="color: red;"><div class="g link">Выйти</div><svg viewBox="0 0 24 24" aria-hidden="true" class="ic sm " style=""><use href="/icons.svg#i-chevr"></use></svg></button>"`;

exports[`row components markup > SettingsRow > control 1`] = `"<div class="row2 c" style="color: red;"><div class="g">Звук</div><span class="sw"></span></div>"`;

exports[`row components markup > SettingsRow > control link 1`] = `"<div class="row2 c" style="color: red;"><div class="g link">Звук</div><span class="sw"></span></div>"`;

exports[`row components markup > SettingsRow > control subtitle 1`] = `"<div class="row2 c" style="color: red;"><svg viewBox="0 0 24 24" aria-hidden="true" class="ic " style=""><use href="/icons.svg#i-bell"></use></svg><div class="g"><div>Звук</div><div class="sub">в круге</div></div><span class="sw"></span></div>"`;

exports[`row components markup > SettingsRow > icon value 1`] = `"<div class="row2 c" style="color: red;"><svg viewBox="0 0 24 24" aria-hidden="true" class="ic " style=""><use href="/icons.svg#i-user"></use></svg><div class="g"><div style="font-weight:600">Имя</div></div><span class="val">Аня</span><svg viewBox="0 0 24 24" aria-hidden="true" class="ic sm " style=""><use href="/icons.svg#i-chevr"></use></svg></div>"`;

exports[`row components markup > SettingsRow > link 1`] = `"<div class="row2 c" style="color: red;"><div class="g link">Выйти</div><svg viewBox="0 0 24 24" aria-hidden="true" class="ic sm " style=""><use href="/icons.svg#i-chevr"></use></svg></div>"`;

exports[`row components markup > SettingsRow > no chevron 1`] = `"<div class="row2 c" style="color: red;"><div class="g"><div style="font-weight:600">Имя</div></div></div>"`;

exports[`row components markup > SettingsRow > plain 1`] = `"<div class="row2 c" style="color: red;"><div class="g"><div style="font-weight:600">Имя</div></div><svg viewBox="0 0 24 24" aria-hidden="true" class="ic sm " style=""><use href="/icons.svg#i-chevr"></use></svg></div>"`;

exports[`row components markup > SettingsRow > subtitle 1`] = `"<div class="row2 c" style="color: red;"><div class="g"><div style="font-weight:600">Имя</div><div class="sub">Аня</div></div><svg viewBox="0 0 24 24" aria-hidden="true" class="ic sm " style=""><use href="/icons.svg#i-chevr"></use></svg></div>"`;
